0 verbose cli C:\nvm4w\nodejs\node.exe C:\Users\FrankR\AppData\Local\nvm\v22.10.0\node_modules\npm\bin\npm-cli.js
1 info using npm@10.9.0
2 info using node@v22.10.0
3 silly config load:file:C:\Users\FrankR\AppData\Local\nvm\v22.10.0\node_modules\npm\npmrc
4 silly config load:file:C:\Users\FrankR\Desktop\Documents - Copie\cour\Cours Specialité\Cour-Angular\application-todo\frontend\todo-angular\.npmrc
5 silly config load:file:C:\Users\FrankR\.npmrc
6 silly config load:file:C:\nvm4w\nodejs\etc\npmrc
7 verbose title npm exec tailwindcss init -p
8 verbose argv "exec" "--" "tailwindcss" "init" "-p"
9 verbose logfile logs-max:10 dir:C:\Users\FrankR\AppData\Local\npm-cache\_logs\2025-03-15T15_44_43_262Z-
10 verbose logfile C:\Users\FrankR\AppData\Local\npm-cache\_logs\2025-03-15T15_44_43_262Z-debug-0.log
11 silly logfile start cleaning logs, removing 1 files
12 silly logfile done cleaning log files
13 silly packumentCache heap:4345298944 maxSize:1086324736 maxEntrySize:543162368
14 verbose stack Error: could not determine executable to run
14 verbose stack     at getBinFromManifest (C:\Users\FrankR\AppData\Local\nvm\v22.10.0\node_modules\npm\node_modules\libnpmexec\lib\get-bin-from-manifest.js:17:23)
14 verbose stack     at exec (C:\Users\FrankR\AppData\Local\nvm\v22.10.0\node_modules\npm\node_modules\libnpmexec\lib\index.js:202:15)
14 verbose stack     at async Npm.exec (C:\Users\FrankR\AppData\Local\nvm\v22.10.0\node_modules\npm\lib\npm.js:207:9)
14 verbose stack     at async module.exports (C:\Users\FrankR\AppData\Local\nvm\v22.10.0\node_modules\npm\lib\cli\entry.js:74:5)
15 verbose pkgid tailwindcss@4.0.14
16 error could not determine executable to run
17 verbose cwd C:\Users\FrankR\Desktop\Documents - Copie\cour\Cours Specialité\Cour-Angular\application-todo\frontend\todo-angular
18 verbose os Windows_NT 10.0.26100
19 verbose node v22.10.0
20 verbose npm  v10.9.0
21 verbose exit 1
22 verbose code 1
23 error A complete log of this run can be found in: C:\Users\FrankR\AppData\Local\npm-cache\_logs\2025-03-15T15_44_43_262Z-debug-0.log
